{"u_token":"oMcwpqPbs9NHkhBpR4FqkDkkmPGWoU2l","part_number":"ICM-42688-P","manufacturer":"TDK InvenSense","mode":"place-part","plugin":".snap","source":"https://www.snapeda.com"}